------------------------------------------------------------
TimeQuest Timing Analyzer Summary
------------------------------------------------------------

Type  : Slow 1200mV 85C Model Setup 'clock'
Slack : -6.384
TNS   : -522.044

Type  : Slow 1200mV 85C Model Setup 'hyperram:hyperram_0|internal_clock'
Slack : -5.304
TNS   : -214.741

Type  : Slow 1200mV 85C Model Hold 'clock'
Slack : 0.152
TNS   : 0.000

Type  : Slow 1200mV 85C Model Hold 'hyperram:hyperram_0|internal_clock'
Slack : 0.343
TNS   : 0.000

Type  : Slow 1200mV 85C Model Minimum Pulse Width 'clock'
Slack : -3.000
TNS   : -295.939

Type  : Slow 1200mV 85C Model Minimum Pulse Width 'hyperram:hyperram_0|internal_clock'
Slack : -1.487
TNS   : -93.681

Type  : Slow 1200mV 0C Model Setup 'clock'
Slack : -5.855
TNS   : -477.848

Type  : Slow 1200mV 0C Model Setup 'hyperram:hyperram_0|internal_clock'
Slack : -5.115
TNS   : -201.911

Type  : Slow 1200mV 0C Model Hold 'clock'
Slack : -0.046
TNS   : -0.091

Type  : Slow 1200mV 0C Model Hold 'hyperram:hyperram_0|internal_clock'
Slack : 0.307
TNS   : 0.000

Type  : Slow 1200mV 0C Model Minimum Pulse Width 'clock'
Slack : -3.000
TNS   : -299.407

Type  : Slow 1200mV 0C Model Minimum Pulse Width 'hyperram:hyperram_0|internal_clock'
Slack : -1.487
TNS   : -93.681

Type  : Fast 1200mV 0C Model Setup 'clock'
Slack : -1.778
TNS   : -96.850

Type  : Fast 1200mV 0C Model Setup 'hyperram:hyperram_0|internal_clock'
Slack : -1.591
TNS   : -51.814

Type  : Fast 1200mV 0C Model Hold 'clock'
Slack : 0.025
TNS   : 0.000

Type  : Fast 1200mV 0C Model Hold 'hyperram:hyperram_0|internal_clock'
Slack : 0.142
TNS   : 0.000

Type  : Fast 1200mV 0C Model Minimum Pulse Width 'clock'
Slack : -3.000
TNS   : -249.043

Type  : Fast 1200mV 0C Model Minimum Pulse Width 'hyperram:hyperram_0|internal_clock'
Slack : -1.000
TNS   : -63.000

------------------------------------------------------------
